// Jest Snapshot v1, https://goo.gl/fbAQLP

exports[`SignUp.tsx:  should match the snapshot 1`] = `
<DocumentFragment>
  <div
    class="sc-kDnyCx gULQLa"
  >
    <div
      class="sc-idyqAC ieWywR"
      data-testid="auth"
    >
      <div
        class="sc-ksJisA hdUcFu"
        data-component="Icon"
      >
        <svg
          class="sc-hBpgZr gdtCmN"
          focusable="false"
          viewBox="0 0 24 24"
        >
          <svg
            id="Layer_1"
            version="1.1"
            viewBox="0 0 492 492"
            x="0px"
            xmlns="http://www.w3.org/2000/svg"
            y="0px"
          >
            <g>
              <g>
                <path
                  d="M464.344,207.418l0.768,0.168H135.888l103.496-103.724c5.068-5.064,7.848-11.924,7.848-19.124 c0-7.2-2.78-14.012-7.848-19.088L223.28,49.538c-5.064-5.064-11.812-7.864-19.008-7.864c-7.2,0-13.952,2.78-19.016,7.844 L7.844,226.914C2.76,231.998-0.02,238.77,0,245.974c-0.02,7.244,2.76,14.02,7.844,19.096l177.412,177.412 c5.064,5.06,11.812,7.844,19.016,7.844c7.196,0,13.944-2.788,19.008-7.844l16.104-16.112c5.068-5.056,7.848-11.808,7.848-19.008 c0-7.196-2.78-13.592-7.848-18.652L134.72,284.406h329.992c14.828,0,27.288-12.78,27.288-27.6v-22.788 C492,219.198,479.172,207.418,464.344,207.418z"
                />
              </g>
            </g>
          </svg>
        </svg>
      </div>
    </div>
    <div
      class="sc-grXZZQ igFxnq"
      data-component="Block"
    >
      Заполните данные
    </div>
    <div
      class="sc-grXZZQ bHNNuL"
      data-component="Block"
    >
      <div
        class="sc-dkjKgF jyXmYe"
      >
        <input
          class="sc-eDnVMP sc-gKHVLF hWqSJa"
          data-testid="firstName"
          id="firstName"
          inputmode="text"
          value=""
        />
        <label
          class="sc-hLclGa duLwaM"
        >
          Имя
        </label>
      </div>
    </div>
    <div
      class="sc-grXZZQ bHNNuL"
      data-component="Block"
    >
      <div
        class="sc-dkjKgF jyXmYe"
      >
        <input
          class="sc-eDnVMP sc-gKHVLF hWqSJa"
          data-testid="middleName"
          id="middleName"
          inputmode="text"
          value=""
        />
        <label
          class="sc-hLclGa duLwaM"
        >
          Фамилия
        </label>
      </div>
    </div>
    <div
      class="sc-grXZZQ bHNNuL"
      data-component="Block"
    >
      <div
        class="sc-dkjKgF jyXmYe"
      >
        <input
          class="sc-eDnVMP sc-gKHVLF hWqSJa"
          data-testid="lastName"
          id="lastName"
          inputmode="text"
          value=""
        />
        <label
          class="sc-hLclGa duLwaM"
        >
          Отчество
        </label>
      </div>
    </div>
    <div
      class="sc-grXZZQ bHNNuL"
      data-component="Block"
    >
      <div
        class="sc-dkjKgF jyXmYe"
      >
        <input
          class="sc-eDnVMP sc-gKHVLF hWqSJa"
          data-testid="login"
          id="login"
          inputmode="text"
          value=""
        />
        <label
          class="sc-hLclGa duLwaM"
        >
          Ваш Логин
        </label>
      </div>
    </div>
    <div
      class="sc-grXZZQ bHNNuL"
      data-component="Block"
    >
      <div
        class="sc-dkjKgF jyXmYe"
      >
        <input
          class="sc-eDnVMP sc-gKHVLF hWqSJa"
          data-testid="email"
          id="email"
          inputmode="text"
          value=""
        />
        <label
          class="sc-hLclGa duLwaM"
        >
          Ваш Email
        </label>
      </div>
    </div>
    <div
      class="sc-grXZZQ bHNNuL"
      data-component="Block"
    >
      <div
        class="sc-dkjKgF jyXmYe"
      >
        <input
          class="sc-eDnVMP sc-gKHVLF hWqSJa"
          data-testid="password"
          id="password"
          inputmode="text"
          value=""
        />
        <label
          class="sc-hLclGa duLwaM"
        >
          Ваш пароль
        </label>
      </div>
    </div>
    <div
      class="sc-grXZZQ bHNNuL"
      data-component="Block"
    >
      <div
        class="sc-dkjKgF jyXmYe"
      >
        <input
          class="sc-eDnVMP sc-gKHVLF hWqSJa"
          data-testid="duplicatePassword"
          id="duplicatePassword"
          inputmode="text"
          value=""
        />
        <label
          class="sc-hLclGa duLwaM"
        >
          Повторите пароль
        </label>
      </div>
    </div>
    <div
      class="sc-grXZZQ NQnJH"
      data-component="Block"
    >
      <button
        class="sc-fnOeiS jGftQW"
        data-component="Button"
        data-testid="submit"
        id="submit"
        type="button"
      >
        <div
          class="sc-fEyylQ iaGUbZ"
        >
          Отправить
        </div>
      </button>
    </div>
  </div>
</DocumentFragment>
`;
